> list.files("C://Users/Rongting/Documents/GitHub_repos/tnbc1_demo2")
 [1] "01_incoming_data.infercnv_obj"                                                                    
 [2] "02_reduced_by_cutoff.infercnv_obj"                                                                
 [3] "03_normalized_by_depthHMMi6.infercnv_obj"                                                         
 [4] "04_logtransformedHMMi6.infercnv_obj"                                                              
 [5] "08_remove_ref_avg_from_obs_logFCHMMi6.infercnv_obj"                                               
 [6] "09_apply_max_centered_expr_thresholdHMMi6.infercnv_obj"                                           
 [7] "10_smoothed_by_chrHMMi6.infercnv_obj"                                                             
 [8] "11_recentered_cells_by_chrHMMi6.infercnv_obj"                                                     
 [9] "12_remove_ref_avg_from_obs_adjustHMMi6.infercnv_obj"                                              
[10] "14_invert_log_transformHMMi6.infercnv_obj"                                                        
[11] "15_no_subclusteringHMMi6.infercnv_obj"                                                            
[12] "17_HMM_predHMMi6.hmm_mode-samples.cell_groupings"                                                 
[13] "17_HMM_predHMMi6.hmm_mode-samples.genes_used.dat"                                                 
[14] "17_HMM_predHMMi6.hmm_mode-samples.infercnv_obj"                                                   
[15] "17_HMM_predHMMi6.hmm_mode-samples.pred_cnv_genes.dat"                                             
[16] "17_HMM_predHMMi6.hmm_mode-samples.pred_cnv_regions.dat"                                           
[17] "18_HMM_pred.Bayes_NetHMMi6.hmm_mode-samples.mcmc_obj"                                             
[18] "18_HMM_pred.Bayes_NetHMMi6.hmm_mode-samples.Pnorm_0.5.infercnv_obj"                               
[19] "19_HMM_pred.repr_intensitiesHMMi6.hmm_mode-samples.Pnorm_0.5.infercnv_obj"                        
[20] "21_denoiseHMMi6.NF_NA.SD_1.5.NL_FALSE.infercnv_obj"                                               
[21] "BayesNetOutput.HMMi6.hmm_mode-samples"                                                            
[22] "expr.infercnv.17_HMM_predHMMi6.hmm_mode-samples.dat"                                              
[23] "expr.infercnv.18_HMM_pred.Bayes_Net.Pnorm_0.5.dat"                                                
[24] "expr.infercnv.19_HMM_predHMMi6.hmm_mode-samples.Pnorm_0.5.repr_intensities.dat"                   
[25] "expr.infercnv.21_denoised.dat"                                                                    
[26] "expr.infercnv.dat"                                                                                
[27] "expr.infercnv.preliminary.dat"                                                                    
[28] "HMM_CNV_predictions.HMMi6.hmm_mode-samples.Pnorm_0.5.pred_cnv_genes.dat"                          
[29] "HMM_CNV_predictions.HMMi6.hmm_mode-samples.Pnorm_0.5.pred_cnv_regions.dat"                        
[30] "infercnv.17_HMM_predHMMi6.hmm_mode-samples.heatmap_thresholds.txt"                                
[31] "infercnv.17_HMM_predHMMi6.hmm_mode-samples.observation_groupings.txt"                             
[32] "infercnv.17_HMM_predHMMi6.hmm_mode-samples.observations.txt"                                      
[33] "infercnv.17_HMM_predHMMi6.hmm_mode-samples.observations_dendrogram.txt"                           
[34] "infercnv.17_HMM_predHMMi6.hmm_mode-samples.png"                                                   
[35] "infercnv.17_HMM_predHMMi6.hmm_mode-samples.references.txt"                                        
[36] "infercnv.18_HMM_pred.Bayes_Net.Pnorm_0.5.heatmap_thresholds.txt"                                  
[37] "infercnv.18_HMM_pred.Bayes_Net.Pnorm_0.5.observation_groupings.txt"                               
[38] "infercnv.18_HMM_pred.Bayes_Net.Pnorm_0.5.observations.txt"                                        
[39] "infercnv.18_HMM_pred.Bayes_Net.Pnorm_0.5.observations_dendrogram.txt"                             
[40] "infercnv.18_HMM_pred.Bayes_Net.Pnorm_0.5.png"                                                     
[41] "infercnv.18_HMM_pred.Bayes_Net.Pnorm_0.5.references.txt"                                          
[42] "infercnv.19_HMM_predHMMi6.hmm_mode-samples.Pnorm_0.5.repr_intensities.heatmap_thresholds.txt"     
[43] "infercnv.19_HMM_predHMMi6.hmm_mode-samples.Pnorm_0.5.repr_intensities.observation_groupings.txt"  
[44] "infercnv.19_HMM_predHMMi6.hmm_mode-samples.Pnorm_0.5.repr_intensities.observations.txt"           
[45] "infercnv.19_HMM_predHMMi6.hmm_mode-samples.Pnorm_0.5.repr_intensities.observations_dendrogram.txt"
[46] "infercnv.19_HMM_predHMMi6.hmm_mode-samples.Pnorm_0.5.repr_intensities.png"                        
[47] "infercnv.19_HMM_predHMMi6.hmm_mode-samples.Pnorm_0.5.repr_intensities.references.txt"             
[48] "infercnv.21_denoised.heatmap_thresholds.txt"                                                      
[49] "infercnv.21_denoised.observation_groupings.txt"                                                   
[50] "infercnv.21_denoised.observations.txt"                                                            
[51] "infercnv.21_denoised.observations_dendrogram.txt"                                                 
[52] "infercnv.21_denoised.png"                                                                         
[53] "infercnv.21_denoised.references.txt"                                                              
[54] "infercnv.heatmap_thresholds.txt"                                                                  
[55] "infercnv.observation_groupings.txt"                                                               
[56] "infercnv.observations.txt"                                                                        
[57] "infercnv.observations_dendrogram.txt"                                                             
[58] "infercnv.png"                                                                                     
[59] "infercnv.preliminary.heatmap_thresholds.txt"                                                      
[60] "infercnv.preliminary.observation_groupings.txt"                                                   
[61] "infercnv.preliminary.observations.txt"                                                            
[62] "infercnv.preliminary.observations_dendrogram.txt"                                                 
[63] "infercnv.preliminary.png"                                                                         
[64] "infercnv.preliminary.references.txt"                                                              
[65] "infercnv.references.txt"                                                                          
[66] "preliminary.infercnv_obj"                                                                         
[67] "run.final.infercnv_obj"                                                                           
> list.files("C://Users/Rongting/Documents/GitHub_repos/tnbc1_demo2/BayesNetOutput.HMMi6.hmm_mode-samples")
 [1] "cellProbs.0.5.pdf"                                                     
 [2] "cnvProbs.0.5.pdf"                                                      
 [3] "infercnv.NormalProbabilities.PostFiltering.heatmap_thresholds.txt"     
 [4] "infercnv.NormalProbabilities.PostFiltering.observation_groupings.txt"  
 [5] "infercnv.NormalProbabilities.PostFiltering.observations.txt"           
 [6] "infercnv.NormalProbabilities.PostFiltering.observations_dendrogram.txt"
 [7] "infercnv.NormalProbabilities.PostFiltering.png"                        
 [8] "infercnv.NormalProbabilities.PostFiltering.references.txt"             
 [9] "infercnv.NormalProbabilities.PreFiltering.heatmap_thresholds.txt"      
[10] "infercnv.NormalProbabilities.PreFiltering.observation_groupings.txt"   
[11] "infercnv.NormalProbabilities.PreFiltering.observations.txt"            
[12] "infercnv.NormalProbabilities.PreFiltering.observations_dendrogram.txt" 
[13] "infercnv.NormalProbabilities.PreFiltering.png"                         
[14] "infercnv.NormalProbabilities.PreFiltering.references.txt"              
[15] "MCMC_inferCNV_obj.rds"